192.168.11.1 - - [21/Oct/2015:05:58:22 +0900] "GET / HTTP/1.1" 200 3525 "-" "Mozilla/5.0 (Windows NT 6.1; WOW64) AppleWebKit/537.36 (KHTML, like Gecko) Chrome/46.0.2490.71 Safari/537.36"
192.168.11.1 - - [21/Oct/2015:05:58:23 +0900] "GET /icons/ubuntu-logo.png HTTP/1.1" 200 3689 "http://192.168.11.129/" "Mozilla/5.0 (Windows NT 6.1; WOW64) AppleWebKit/537.36 (KHTML, like Gecko) Chrome/46.0.2490.71 Safari/537.36"
192.168.11.1 - - [21/Oct/2015:05:58:23 +0900] "GET /favicon.ico HTTP/1.1" 404 505 "http://192.168.11.129/" "Mozilla/5.0 (Windows NT 6.1; WOW64) AppleWebKit/537.36 (KHTML, like Gecko) Chrome/46.0.2490.71 Safari/537.36"
192.168.11.1 - - [21/Oct/2015:05:58:28 +0900] "GET /wordpress/ HTTP/1.1" 404 505 "-" "Mozilla/5.0 (Windows NT 6.1; WOW64) AppleWebKit/537.36 (KHTML, like Gecko) Chrome/46.0.2490.71 Safari/537.36"
192.168.11.1 - - [21/Oct/2015:06:04:49 +0900] "GET /html/ HTTP/1.1" 404 500 "-" "Mozilla/5.0 (Windows NT 6.1; WOW64) AppleWebKit/537.36 (KHTML, like Gecko) Chrome/46.0.2490.71 Safari/537.36"
192.168.11.1 - - [21/Oct/2015:06:05:11 +0900] "GET /html/index.html HTTP/1.1" 404 510 "-" "Mozilla/5.0 (Windows NT 6.1; WOW64) AppleWebKit/537.36 (KHTML, like Gecko) Chrome/46.0.2490.71 Safari/537.36"
192.168.11.1 - - [21/Oct/2015:06:05:14 +0900] "GET / HTTP/1.1" 200 3524 "-" "Mozilla/5.0 (Windows NT 6.1; WOW64) AppleWebKit/537.36 (KHTML, like Gecko) Chrome/46.0.2490.71 Safari/537.36"
192.168.11.1 - - [21/Oct/2015:06:05:51 +0900] "GET /test.html HTTP/1.1" 200 306 "-" "Mozilla/5.0 (Windows NT 6.1; WOW64) AppleWebKit/537.36 (KHTML, like Gecko) Chrome/46.0.2490.71 Safari/537.36"
192.168.11.1 - - [21/Oct/2015:06:06:18 +0900] "GET /test.php HTTP/1.1" 200 23045 "-" "Mozilla/5.0 (Windows NT 6.1; WOW64) AppleWebKit/537.36 (KHTML, like Gecko) Chrome/46.0.2490.71 Safari/537.36"
192.168.11.1 - - [21/Oct/2015:06:06:38 +0900] "GET /wordpress/ HTTP/1.1" 302 275 "-" "Mozilla/5.0 (Windows NT 6.1; WOW64) AppleWebKit/537.36 (KHTML, like Gecko) Chrome/46.0.2490.71 Safari/537.36"
192.168.11.1 - - [21/Oct/2015:06:06:38 +0900] "GET /wordpress/wp-admin/setup-config.php HTTP/1.1" 200 2857 "-" "Mozilla/5.0 (Windows NT 6.1; WOW64) AppleWebKit/537.36 (KHTML, like Gecko) Chrome/46.0.2490.71 Safari/537.36"
192.168.11.1 - - [21/Oct/2015:06:06:39 +0900] "GET /wordpress/wp-admin/css/install.min.css?ver=4.3.1 HTTP/1.1" 200 2184 "http://192.168.11.129/wordpress/wp-admin/setup-config.php" "Mozilla/5.0 (Windows NT 6.1; WOW64) AppleWebKit/537.36 (KHTML, like Gecko) Chrome/46.0.2490.71 Safari/537.36"
192.168.11.1 - - [21/Oct/2015:06:06:39 +0900] "GET /wordpress/wp-includes/css/buttons.min.css?ver=4.3.1 HTTP/1.1" 200 1641 "http://192.168.11.129/wordpress/wp-admin/setup-config.php" "Mozilla/5.0 (Windows NT 6.1; WOW64) AppleWebKit/537.36 (KHTML, like Gecko) Chrome/46.0.2490.71 Safari/537.36"
192.168.11.1 - - [21/Oct/2015:06:06:39 +0900] "GET /wordpress/wp-includes/js/jquery/jquery-migrate.min.js?ver=1.2.1 HTTP/1.1" 200 3420 "http://192.168.11.129/wordpress/wp-admin/setup-config.php" "Mozilla/5.0 (Windows NT 6.1; WOW64) AppleWebKit/537.36 (KHTML, like Gecko) Chrome/46.0.2490.71 Safari/537.36"
192.168.11.1 - - [21/Oct/2015:06:06:39 +0900] "GET /wordpress/wp-admin/js/language-chooser.min.js?ver=4.3.1 HTTP/1.1" 200 590 "http://192.168.11.129/wordpress/wp-admin/setup-config.php" "Mozilla/5.0 (Windows NT 6.1; WOW64) AppleWebKit/537.36 (KHTML, like Gecko) Chrome/46.0.2490.71 Safari/537.36"
192.168.11.1 - - [21/Oct/2015:06:06:39 +0900] "GET /wordpress/wp-includes/js/jquery/jquery.js?ver=1.11.3 HTTP/1.1" 200 33639 "http://192.168.11.129/wordpress/wp-admin/setup-config.php" "Mozilla/5.0 (Windows NT 6.1; WOW64) AppleWebKit/537.36 (KHTML, like Gecko) Chrome/46.0.2490.71 Safari/537.36"
192.168.11.1 - - [21/Oct/2015:06:06:39 +0900] "GET /wordpress/wp-admin/images/wordpress-logo.svg?ver=20131107 HTTP/1.1" 200 1810 "http://192.168.11.129/wordpress/wp-admin/css/install.min.css?ver=4.3.1" "Mozilla/5.0 (Windows NT 6.1; WOW64) AppleWebKit/537.36 (KHTML, like Gecko) Chrome/46.0.2490.71 Safari/537.36"
192.168.11.1 - - [21/Oct/2015:06:06:39 +0900] "GET /wordpress/wp-admin/images/spinner.gif HTTP/1.1" 200 4448 "http://192.168.11.129/wordpress/wp-admin/css/install.min.css?ver=4.3.1" "Mozilla/5.0 (Windows NT 6.1; WOW64) AppleWebKit/537.36 (KHTML, like Gecko) Chrome/46.0.2490.71 Safari/537.36"
::1 - - [21/Oct/2015:06:06:47 +0900] "OPTIONS * HTTP/1.0" 200 126 "-" "Apache/2.4.10 (Ubuntu) (internal dummy connection)"
::1 - - [21/Oct/2015:06:06:48 +0900] "OPTIONS * HTTP/1.0" 200 126 "-" "Apache/2.4.10 (Ubuntu) (internal dummy connection)"
192.168.11.1 - - [21/Oct/2015:06:06:46 +0900] "POST /wordpress/wp-admin/setup-config.php?step=0 HTTP/1.1" 200 1569 "http://192.168.11.129/wordpress/wp-admin/setup-config.php" "Mozilla/5.0 (Windows NT 6.1; WOW64) AppleWebKit/537.36 (KHTML, like Gecko) Chrome/46.0.2490.71 Safari/537.36"
192.168.11.1 - - [21/Oct/2015:06:06:52 +0900] "GET /wordpress/wp-admin/setup-config.php?step=1&language=ko_KR HTTP/1.1" 200 1550 "http://192.168.11.129/wordpress/wp-admin/setup-config.php?step=0" "Mozilla/5.0 (Windows NT 6.1; WOW64) AppleWebKit/537.36 (KHTML, like Gecko) Chrome/46.0.2490.71 Safari/537.36"
::1 - - [21/Oct/2015:06:07:00 +0900] "OPTIONS * HTTP/1.0" 200 126 "-" "Apache/2.4.10 (Ubuntu) (internal dummy connection)"
192.168.11.1 - - [21/Oct/2015:06:07:07 +0900] "POST /wordpress/wp-admin/setup-config.php?step=2 HTTP/1.1" 200 1070 "http://192.168.11.129/wordpress/wp-admin/setup-config.php?step=1&language=ko_KR" "Mozilla/5.0 (Windows NT 6.1; WOW64) AppleWebKit/537.36 (KHTML, like Gecko) Chrome/46.0.2490.71 Safari/537.36"
192.168.11.1 - - [21/Oct/2015:06:07:10 +0900] "GET /wordpress/wp-admin/install.php?language=ko_KR HTTP/1.1" 200 2751 "http://192.168.11.129/wordpress/wp-admin/setup-config.php?step=2" "Mozilla/5.0 (Windows NT 6.1; WOW64) AppleWebKit/537.36 (KHTML, like Gecko) Chrome/46.0.2490.71 Safari/537.36"
192.168.11.1 - - [21/Oct/2015:06:07:10 +0900] "GET /wordpress/wp-includes/css/dashicons.min.css?ver=4.3.1 HTTP/1.1" 200 28893 "http://192.168.11.129/wordpress/wp-admin/install.php?language=ko_KR" "Mozilla/5.0 (Windows NT 6.1; WOW64) AppleWebKit/537.36 (KHTML, like Gecko) Chrome/46.0.2490.71 Safari/537.36"
192.168.11.1 - - [21/Oct/2015:06:07:10 +0900] "GET /wordpress/wp-includes/js/underscore.min.js?ver=1.6.0 HTTP/1.1" 200 5391 "http://192.168.11.129/wordpress/wp-admin/install.php?language=ko_KR" "Mozilla/5.0 (Windows NT 6.1; WOW64) AppleWebKit/537.36 (KHTML, like Gecko) Chrome/46.0.2490.71 Safari/537.36"
192.168.11.1 - - [21/Oct/2015:06:07:10 +0900] "GET /wordpress/wp-includes/js/zxcvbn-async.min.js?ver=1.0 HTTP/1.1" 200 582 "http://192.168.11.129/wordpress/wp-admin/install.php?language=ko_KR" "Mozilla/5.0 (Windows NT 6.1; WOW64) AppleWebKit/537.36 (KHTML, like Gecko) Chrome/46.0.2490.71 Safari/537.36"
192.168.11.1 - - [21/Oct/2015:06:07:10 +0900] "GET /wordpress/wp-includes/js/wp-util.min.js?ver=4.3.1 HTTP/1.1" 200 929 "http://192.168.11.129/wordpress/wp-admin/install.php?language=ko_KR" "Mozilla/5.0 (Windows NT 6.1; WOW64) AppleWebKit/537.36 (KHTML, like Gecko) Chrome/46.0.2490.71 Safari/537.36"
192.168.11.1 - - [21/Oct/2015:06:07:10 +0900] "GET /wordpress/wp-admin/js/user-profile.min.js?ver=4.3.1 HTTP/1.1" 200 2442 "http://192.168.11.129/wordpress/wp-admin/install.php?language=ko_KR" "Mozilla/5.0 (Windows NT 6.1; WOW64) AppleWebKit/537.36 (KHTML, like Gecko) Chrome/46.0.2490.71 Safari/537.36"
192.168.11.1 - - [21/Oct/2015:06:07:10 +0900] "GET /wordpress/wp-admin/js/password-strength-meter.min.js?ver=4.3.1 HTTP/1.1" 200 802 "http://192.168.11.129/wordpress/wp-admin/install.php?language=ko_KR" "Mozilla/5.0 (Windows NT 6.1; WOW64) AppleWebKit/537.36 (KHTML, like Gecko) Chrome/46.0.2490.71 Safari/537.36"
192.168.11.1 - - [21/Oct/2015:06:07:10 +0900] "GET /wordpress/wp-includes/js/zxcvbn.min.js HTTP/1.1" 200 330747 "http://192.168.11.129/wordpress/wp-admin/install.php?language=ko_KR" "Mozilla/5.0 (Windows NT 6.1; WOW64) AppleWebKit/537.36 (KHTML, like Gecko) Chrome/46.0.2490.71 Safari/537.36"
::1 - - [21/Oct/2015:06:07:18 +0900] "OPTIONS * HTTP/1.0" 200 126 "-" "Apache/2.4.10 (Ubuntu) (internal dummy connection)"
192.168.11.129 - - [21/Oct/2015:06:07:59 +0900] "GET /wordpress/2015/10/21/hello-world/ HTTP/1.0" 404 491 "-" "WordPress/4.3.1; http://192.168.11.129/wordpress"
192.168.11.129 - - [21/Oct/2015:06:07:59 +0900] "GET /wordpress/index.php/2015/10/21/hello-world/ HTTP/1.0" 200 4767 "-" "WordPress/4.3.1; http://192.168.11.129/wordpress"
192.168.11.1 - - [21/Oct/2015:06:07:58 +0900] "POST /wordpress/wp-admin/install.php?step=2 HTTP/1.1" 200 1713 "http://192.168.11.129/wordpress/wp-admin/install.php?language=ko_KR" "Mozilla/5.0 (Windows NT 6.1; WOW64) AppleWebKit/537.36 (KHTML, like Gecko) Chrome/46.0.2490.71 Safari/537.36"
192.168.11.1 - - [21/Oct/2015:06:08:04 +0900] "GET /wordpress/wp-login.php HTTP/1.1" 200 1609 "http://192.168.11.129/wordpress/wp-admin/install.php?step=2" "Mozilla/5.0 (Windows NT 6.1; WOW64) AppleWebKit/537.36 (KHTML, like Gecko) Chrome/46.0.2490.71 Safari/537.36"
192.168.11.1 - - [21/Oct/2015:06:08:04 +0900] "GET /wordpress/wp-admin/css/login.min.css?ver=4.3.1 HTTP/1.1" 200 6110 "http://192.168.11.129/wordpress/wp-login.php" "Mozilla/5.0 (Windows NT 6.1; WOW64) AppleWebKit/537.36 (KHTML, like Gecko) Chrome/46.0.2490.71 Safari/537.36"
192.168.11.1 - - [21/Oct/2015:06:08:16 +0900] "POST /wordpress/wp-login.php HTTP/1.1" 302 1152 "http://192.168.11.129/wordpress/wp-login.php" "Mozilla/5.0 (Windows NT 6.1; WOW64) AppleWebKit/537.36 (KHTML, like Gecko) Chrome/46.0.2490.71 Safari/537.36"
192.168.11.1 - - [21/Oct/2015:06:08:16 +0900] "GET /wordpress/wp-admin/ HTTP/1.1" 200 13702 "http://192.168.11.129/wordpress/wp-login.php" "Mozilla/5.0 (Windows NT 6.1; WOW64) AppleWebKit/537.36 (KHTML, like Gecko) Chrome/46.0.2490.71 Safari/537.36"
192.168.11.1 - - [21/Oct/2015:06:08:17 +0900] "GET /wordpress/wp-includes/css/editor.min.css?ver=4.3.1 HTTP/1.1" 200 5746 "http://192.168.11.129/wordpress/wp-admin/" "Mozilla/5.0 (Windows NT 6.1; WOW64) AppleWebKit/537.36 (KHTML, like Gecko) Chrome/46.0.2490.71 Safari/537.36"
192.168.11.1 - - [21/Oct/2015:06:08:17 +0900] "GET /wordpress/wp-includes/js/thickbox/thickbox.css?ver=4.3.1 HTTP/1.1" 200 1153 "http://192.168.11.129/wordpress/wp-admin/" "Mozilla/5.0 (Windows NT 6.1; WOW64) AppleWebKit/537.36 (KHTML, like Gecko) Chrome/46.0.2490.71 Safari/537.36"
192.168.11.1 - - [21/Oct/2015:06:08:17 +0900] "GET /wordpress/wp-admin/load-scripts.php?c=0&load%5B%5D=jquery-core,jquery-migrate,utils&ver=4.3.1 HTTP/1.1" 200 36904 "http://192.168.11.129/wordpress/wp-admin/" "Mozilla/5.0 (Windows NT 6.1; WOW64) AppleWebKit/537.36 (KHTML, like Gecko) Chrome/46.0.2490.71 Safari/537.36"
192.168.11.1 - - [21/Oct/2015:06:08:17 +0900] "GET /wordpress/wp-admin/load-styles.php?c=0&dir=ltr&load=dashicons,admin-bar,wp-admin,buttons,wp-auth-check&ver=4.3.1 HTTP/1.1" 200 77530 "http://192.168.11.129/wordpress/wp-admin/" "Mozilla/5.0 (Windows NT 6.1; WOW64) AppleWebKit/537.36 (KHTML, like Gecko) Chrome/46.0.2490.71 Safari/537.36"
192.168.11.1 - - [21/Oct/2015:06:08:17 +0900] "GET /wordpress/wp-admin/load-scripts.php?c=0&load%5B%5D=hoverIntent,common,admin-bar,wp-ajax-response,jquery-color,wp-lists,quicktags,jquery-query,admin-comments,jquery-ui-core,jquery-&load%5B%5D=ui-widget,jquery-ui-mouse,jquery-ui-sortable,postbox,dashboard,underscore,customize-base,customize-loader,thickbox,plugin-instal&load%5B%5D=l,shortcode,media-upload,svg-painter,heartbeat,wp-auth-check,wplink&ver=4.3.1 HTTP/1.1" 200 54323 "http://192.168.11.129/wordpress/wp-admin/" "Mozilla/5.0 (Windows NT 6.1; WOW64) AppleWebKit/537.36 (KHTML, like Gecko) Chrome/46.0.2490.71 Safari/537.36"
192.168.11.1 - - [21/Oct/2015:06:08:17 +0900] "GET /wordpress/wp-includes/js/wp-emoji-release.min.js?ver=4.3.1 HTTP/1.1" 200 5249 "http://192.168.11.129/wordpress/wp-admin/" "Mozilla/5.0 (Windows NT 6.1; WOW64) AppleWebKit/537.36 (KHTML, like Gecko) Chrome/46.0.2490.71 Safari/537.36"
192.168.11.1 - - [21/Oct/2015:06:08:17 +0900] "GET /wordpress/wp-includes/js/thickbox/loadingAnimation.gif HTTP/1.1" 200 15525 "http://192.168.11.129/wordpress/wp-admin/" "Mozilla/5.0 (Windows NT 6.1; WOW64) AppleWebKit/537.36 (KHTML, like Gecko) Chrome/46.0.2490.71 Safari/537.36"
192.168.11.1 - - [21/Oct/2015:06:08:17 +0900] "GET /wordpress/wp-admin/admin-ajax.php?action=wp-compression-test&test=1&1445375300870 HTTP/1.1" 200 1080 "http://192.168.11.129/wordpress/wp-admin/" "Mozilla/5.0 (Windows NT 6.1; WOW64) AppleWebKit/537.36 (KHTML, like Gecko) Chrome/46.0.2490.71 Safari/537.36"
192.168.11.1 - - [21/Oct/2015:06:08:17 +0900] "GET /wordpress/wp-admin/admin-ajax.php?action=wp-compression-test&test=no&1445375300956 HTTP/1.1" 200 458 "http://192.168.11.129/wordpress/wp-admin/" "Mozilla/5.0 (Windows NT 6.1; WOW64) AppleWebKit/537.36 (KHTML, like Gecko) Chrome/46.0.2490.71 Safari/537.36"
192.168.11.129 - - [21/Oct/2015:06:08:04 +0900] "POST /wordpress/wp-cron.php?doing_wp_cron=1445375284.4848299026489257812500 HTTP/1.0" 200 166 "-" "WordPress/4.3.1; http://192.168.11.129/wordpress"
192.168.11.1 - - [21/Oct/2015:06:08:17 +0900] "GET /wordpress/wp-admin/admin-ajax.php?action=dashboard-widgets&widget=dashboard_primary&pagenow=dashboard HTTP/1.1" 200 1083 "http://192.168.11.129/wordpress/wp-admin/" "Mozilla/5.0 (Windows NT 6.1; WOW64) AppleWebKit/537.36 (KHTML, like Gecko) Chrome/46.0.2490.71 Safari/537.36"
192.168.11.1 - - [21/Oct/2015:06:08:22 +0900] "GET /wordpress/wp-admin/users.php HTTP/1.1" 200 8969 "http://192.168.11.129/wordpress/wp-admin/" "Mozilla/5.0 (Windows NT 6.1; WOW64) AppleWebKit/537.36 (KHTML, like Gecko) Chrome/46.0.2490.71 Safari/537.36"
192.168.11.1 - - [21/Oct/2015:06:08:22 +0900] "GET /wordpress/wp-admin/load-scripts.php?c=0&load%5B%5D=hoverIntent,common,admin-bar,svg-painter,heartbeat,wp-auth-check&ver=4.3.1 HTTP/1.1" 200 11002 "http://192.168.11.129/wordpress/wp-admin/users.php" "Mozilla/5.0 (Windows NT 6.1; WOW64) AppleWebKit/537.36 (KHTML, like Gecko) Chrome/46.0.2490.71 Safari/537.36"
192.168.11.1 - - [21/Oct/2015:06:08:24 +0900] "GET /wordpress/wp-admin/profile.php?wp_http_referer=%2Fwordpress%2Fwp-admin%2Fusers.php HTTP/1.1" 200 9667 "http://192.168.11.129/wordpress/wp-admin/users.php" "Mozilla/5.0 (Windows NT 6.1; WOW64) AppleWebKit/537.36 (KHTML, like Gecko) Chrome/46.0.2490.71 Safari/537.36"
192.168.11.129 - - [21/Oct/2015:06:08:25 +0900] "POST /wordpress/wp-cron.php?doing_wp_cron=1445375305.1072199344635009765625 HTTP/1.0" 200 166 "-" "WordPress/4.3.1; http://192.168.11.129/wordpress"
192.168.11.1 - - [21/Oct/2015:06:08:25 +0900] "GET /wordpress/wp-admin/load-scripts.php?c=0&load%5B%5D=hoverIntent,common,admin-bar,password-strength-meter,underscore,wp-util,user-profile,svg-painter,heartbeat,wp-auth-check&ver=4.3.1 HTTP/1.1" 200 18313 "http://192.168.11.129/wordpress/wp-admin/profile.php?wp_http_referer=%2Fwordpress%2Fwp-admin%2Fusers.php" "Mozilla/5.0 (Windows NT 6.1; WOW64) AppleWebKit/537.36 (KHTML, like Gecko) Chrome/46.0.2490.71 Safari/537.36"
192.168.11.1 - - [21/Oct/2015:06:08:25 +0900] "GET /wordpress/wp-admin/load-scripts.php?c=0&load%5B%5D=jquery-core,jquery-migrate,utils,zxcvbn-async&ver=4.3.1 HTTP/1.1" 200 36995 "http://192.168.11.129/wordpress/wp-admin/profile.php?wp_http_referer=%2Fwordpress%2Fwp-admin%2Fusers.php" "Mozilla/5.0 (Windows NT 6.1; WOW64) AppleWebKit/537.36 (KHTML, like Gecko) Chrome/46.0.2490.71 Safari/537.36"
192.168.11.1 - - [21/Oct/2015:06:08:32 +0900] "GET /wordpress/wp-admin/tools.php HTTP/1.1" 200 8939 "http://192.168.11.129/wordpress/wp-admin/profile.php?wp_http_referer=%2Fwordpress%2Fwp-admin%2Fusers.php" "Mozilla/5.0 (Windows NT 6.1; WOW64) AppleWebKit/537.36 (KHTML, like Gecko) Chrome/46.0.2490.71 Safari/537.36"
192.168.11.1 - - [21/Oct/2015:06:08:35 +0900] "GET /wordpress/wp-admin/options-general.php HTTP/1.1" 200 17704 "http://192.168.11.129/wordpress/wp-admin/tools.php" "Mozilla/5.0 (Windows NT 6.1; WOW64) AppleWebKit/537.36 (KHTML, like Gecko) Chrome/46.0.2490.71 Safari/537.36"
192.168.11.1 - - [21/Oct/2015:06:08:36 +0900] "GET /wordpress/wp-admin/index.php HTTP/1.1" 200 13684 "http://192.168.11.129/wordpress/wp-admin/options-general.php" "Mozilla/5.0 (Windows NT 6.1; WOW64) AppleWebKit/537.36 (KHTML, like Gecko) Chrome/46.0.2490.71 Safari/537.36"
::1 - - [21/Oct/2015:06:08:44 +0900] "OPTIONS * HTTP/1.0" 200 126 "-" "Apache/2.4.10 (Ubuntu) (internal dummy connection)"
192.168.11.1 - - [21/Oct/2015:06:08:48 +0900] "GET /wordpress/wp-admin/update-core.php HTTP/1.1" 200 7840 "http://192.168.11.129/wordpress/wp-admin/index.php" "Mozilla/5.0 (Windows NT 6.1; WOW64) AppleWebKit/537.36 (KHTML, like Gecko) Chrome/46.0.2490.71 Safari/537.36"
192.168.11.1 - - [21/Oct/2015:06:08:49 +0900] "GET /wordpress/wp-admin/load-scripts.php?c=0&load%5B%5D=hoverIntent,common,admin-bar,thickbox,plugin-install,svg-painter&ver=4.3.1 HTTP/1.1" 200 12564 "http://192.168.11.129/wordpress/wp-admin/update-core.php" "Mozilla/5.0 (Windows NT 6.1; WOW64) AppleWebKit/537.36 (KHTML, like Gecko) Chrome/46.0.2490.71 Safari/537.36"
192.168.11.1 - - [21/Oct/2015:06:08:49 +0900] "GET /wordpress/wp-admin/load-styles.php?c=0&dir=ltr&load=dashicons,admin-bar,wp-admin,buttons&ver=4.3.1 HTTP/1.1" 200 77123 "http://192.168.11.129/wordpress/wp-admin/update-core.php" "Mozilla/5.0 (Windows NT 6.1; WOW64) AppleWebKit/537.36 (KHTML, like Gecko) Chrome/46.0.2490.71 Safari/537.36"
192.168.11.1 - - [21/Oct/2015:06:08:49 +0900] "GET /wordpress/wp-admin/load-scripts.php?c=0&load%5B%5D=jquery-core,jquery-migrate,utils,underscore,wp-util,wp-a11y,updates&ver=4.3.1 HTTP/1.1" 200 44466 "http://192.168.11.129/wordpress/wp-admin/update-core.php" "Mozilla/5.0 (Windows NT 6.1; WOW64) AppleWebKit/537.36 (KHTML, like Gecko) Chrome/46.0.2490.71 Safari/537.36"
192.168.11.1 - - [21/Oct/2015:06:08:49 +0900] "GET /wordpress/wp-admin/index.php HTTP/1.1" 200 13684 "http://192.168.11.129/wordpress/wp-admin/update-core.php" "Mozilla/5.0 (Windows NT 6.1; WOW64) AppleWebKit/537.36 (KHTML, like Gecko) Chrome/46.0.2490.71 Safari/537.36"
192.168.11.1 - - [21/Oct/2015:06:08:51 +0900] "GET /wordpress/wp-admin/edit.php HTTP/1.1" 200 11843 "http://192.168.11.129/wordpress/wp-admin/index.php" "Mozilla/5.0 (Windows NT 6.1; WOW64) AppleWebKit/537.36 (KHTML, like Gecko) Chrome/46.0.2490.71 Safari/537.36"
192.168.11.1 - - [21/Oct/2015:06:08:51 +0900] "GET /wordpress/wp-admin/load-scripts.php?c=0&load%5B%5D=hoverIntent,common,admin-bar,suggest,inline-edit-post,heartbeat,svg-painter,wp-auth-check&ver=4.3.1 HTTP/1.1" 200 14148 "http://192.168.11.129/wordpress/wp-admin/edit.php" "Mozilla/5.0 (Windows NT 6.1; WOW64) AppleWebKit/537.36 (KHTML, like Gecko) Chrome/46.0.2490.71 Safari/537.36"
192.168.11.1 - - [21/Oct/2015:06:08:51 +0900] "POST /wordpress/wp-admin/admin-ajax.php HTTP/1.1" 200 545 "http://192.168.11.129/wordpress/wp-admin/edit.php" "Mozilla/5.0 (Windows NT 6.1; WOW64) AppleWebKit/537.36 (KHTML, like Gecko) Chrome/46.0.2490.71 Safari/537.36"
192.168.11.1 - - [21/Oct/2015:06:08:53 +0900] "GET /wordpress/wp-admin/edit.php?post_type=page HTTP/1.1" 200 10645 "http://192.168.11.129/wordpress/wp-admin/edit.php" "Mozilla/5.0 (Windows NT 6.1; WOW64) AppleWebKit/537.36 (KHTML, like Gecko) Chrome/46.0.2490.71 Safari/537.36"
192.168.11.1 - - [21/Oct/2015:06:08:53 +0900] "POST /wordpress/wp-admin/admin-ajax.php HTTP/1.1" 200 545 "http://192.168.11.129/wordpress/wp-admin/edit.php?post_type=page" "Mozilla/5.0 (Windows NT 6.1; WOW64) AppleWebKit/537.36 (KHTML, like Gecko) Chrome/46.0.2490.71 Safari/537.36"
192.168.11.1 - - [21/Oct/2015:06:08:55 +0900] "GET /wordpress/wp-admin/plugins.php HTTP/1.1" 200 9901 "http://192.168.11.129/wordpress/wp-admin/edit.php?post_type=page" "Mozilla/5.0 (Windows NT 6.1; WOW64) AppleWebKit/537.36 (KHTML, like Gecko) Chrome/46.0.2490.71 Safari/537.36"
192.168.11.1 - - [21/Oct/2015:06:08:55 +0900] "GET /wordpress/wp-admin/load-scripts.php?c=0&load%5B%5D=hoverIntent,common,admin-bar,thickbox,plugin-install,svg-painter,heartbeat,wp-auth-check&ver=4.3.1 HTTP/1.1" 200 14798 "http://192.168.11.129/wordpress/wp-admin/plugins.php" "Mozilla/5.0 (Windows NT 6.1; WOW64) AppleWebKit/537.36 (KHTML, like Gecko) Chrome/46.0.2490.71 Safari/537.36"
192.168.11.1 - - [21/Oct/2015:06:08:56 +0900] "GET /wordpress/wp-admin/users.php HTTP/1.1" 200 8970 "http://192.168.11.129/wordpress/wp-admin/plugins.php" "Mozilla/5.0 (Windows NT 6.1; WOW64) AppleWebKit/537.36 (KHTML, like Gecko) Chrome/46.0.2490.71 Safari/537.36"
192.168.11.1 - - [21/Oct/2015:06:09:03 +0900] "GET /wordpress/wp-admin/profile.php?wp_http_referer=%2Fwordpress%2Fwp-admin%2Fusers.php HTTP/1.1" 200 9667 "http://192.168.11.129/wordpress/wp-admin/users.php" "Mozilla/5.0 (Windows NT 6.1; WOW64) AppleWebKit/537.36 (KHTML, like Gecko) Chrome/46.0.2490.71 Safari/537.36"
192.168.11.1 - - [21/Oct/2015:06:09:32 +0900] "POST /wordpress/wp-admin/profile.php HTTP/1.1" 302 3136 "http://192.168.11.129/wordpress/wp-admin/profile.php?wp_http_referer=%2Fwordpress%2Fwp-admin%2Fusers.php" "Mozilla/5.0 (Windows NT 6.1; WOW64) AppleWebKit/537.36 (KHTML, like Gecko) Chrome/46.0.2490.71 Safari/537.36"
192.168.11.1 - - [21/Oct/2015:06:09:33 +0900] "GET /wordpress/wp-admin/profile.php?updated=1&wp_http_referer=%2Fwordpress%2Fwp-admin%2Fusers.php HTTP/1.1" 200 9785 "http://192.168.11.129/wordpress/wp-admin/profile.php?wp_http_referer=%2Fwordpress%2Fwp-admin%2Fusers.php" "Mozilla/5.0 (Windows NT 6.1; WOW64) AppleWebKit/537.36 (KHTML, like Gecko) Chrome/46.0.2490.71 Safari/537.36"
192.168.11.1 - - [21/Oct/2015:06:09:38 +0900] "GET /wordpress/wp-admin/edit.php HTTP/1.1" 200 11846 "http://192.168.11.129/wordpress/wp-admin/profile.php?wp_http_referer=%2Fwordpress%2Fwp-admin%2Fusers.php" "Mozilla/5.0 (Windows NT 6.1; WOW64) AppleWebKit/537.36 (KHTML, like Gecko) Chrome/46.0.2490.71 Safari/537.36"
192.168.11.1 - - [21/Oct/2015:06:09:38 +0900] "POST /wordpress/wp-admin/admin-ajax.php HTTP/1.1" 200 545 "http://192.168.11.129/wordpress/wp-admin/edit.php" "Mozilla/5.0 (Windows NT 6.1; WOW64) AppleWebKit/537.36 (KHTML, like Gecko) Chrome/46.0.2490.71 Safari/537.36"
192.168.11.1 - - [21/Oct/2015:06:09:42 +0900] "GET /wordpress/ HTTP/1.1" 200 5340 "http://192.168.11.129/wordpress/wp-admin/edit.php" "Mozilla/5.0 (Windows NT 6.1; WOW64) AppleWebKit/537.36 (KHTML, like Gecko) Chrome/46.0.2490.71 Safari/537.36"
192.168.11.1 - - [21/Oct/2015:06:09:42 +0900] "GET /wordpress/wp-includes/css/admin-bar.min.css?ver=4.3.1 HTTP/1.1" 200 4112 "http://192.168.11.129/wordpress/" "Mozilla/5.0 (Windows NT 6.1; WOW64) AppleWebKit/537.36 (KHTML, like Gecko) Chrome/46.0.2490.71 Safari/537.36"
192.168.11.1 - - [21/Oct/2015:06:09:42 +0900] "GET /wordpress/wp-includes/js/admin-bar.min.js?ver=4.3.1 HTTP/1.1" 200 2830 "http://192.168.11.129/wordpress/" "Mozilla/5.0 (Windows NT 6.1; WOW64) AppleWebKit/537.36 (KHTML, like Gecko) Chrome/46.0.2490.71 Safari/537.36"
192.168.11.1 - - [21/Oct/2015:06:09:42 +0900] "GET /wordpress/wp-content/themes/twentyfifteen/js/functions.js?ver=20150330 HTTP/1.1" 200 2208 "http://192.168.11.129/wordpress/" "Mozilla/5.0 (Windows NT 6.1; WOW64) AppleWebKit/537.36 (KHTML, like Gecko) Chrome/46.0.2490.71 Safari/537.36"
192.168.11.1 - - [21/Oct/2015:06:09:42 +0900] "GET /wordpress/wp-content/themes/twentyfifteen/genericons/genericons.css?ver=3.2 HTTP/1.1" 200 16919 "http://192.168.11.129/wordpress/" "Mozilla/5.0 (Windows NT 6.1; WOW64) AppleWebKit/537.36 (KHTML, like Gecko) Chrome/46.0.2490.71 Safari/537.36"
192.168.11.1 - - [21/Oct/2015:06:09:42 +0900] "GET /wordpress/wp-content/themes/twentyfifteen/style.css?ver=4.3.1 HTTP/1.1" 200 14328 "http://192.168.11.129/wordpress/" "Mozilla/5.0 (Windows NT 6.1; WOW64) AppleWebKit/537.36 (KHTML, like Gecko) Chrome/46.0.2490.71 Safari/537.36"
192.168.11.1 - - [21/Oct/2015:06:09:42 +0900] "GET /wordpress/wp-content/themes/twentyfifteen/js/skip-link-focus-fix.js?ver=20141010 HTTP/1.1" 200 795 "http://192.168.11.129/wordpress/" "Mozilla/5.0 (Windows NT 6.1; WOW64) AppleWebKit/537.36 (KHTML, like Gecko) Chrome/46.0.2490.71 Safari/537.36"
192.168.11.1 - - [21/Oct/2015:06:09:44 +0900] "GET /wordpress/index.php/2015/10/21/hello-world/ HTTP/1.1" 200 6499 "http://192.168.11.129/wordpress/" "Mozilla/5.0 (Windows NT 6.1; WOW64) AppleWebKit/537.36 (KHTML, like Gecko) Chrome/46.0.2490.71 Safari/537.36"
192.168.11.1 - - [21/Oct/2015:06:09:44 +0900] "GET /wordpress/wp-includes/js/comment-reply.min.js?ver=4.3.1 HTTP/1.1" 200 755 "http://192.168.11.129/wordpress/index.php/2015/10/21/hello-world/" "Mozilla/5.0 (Windows NT 6.1; WOW64) AppleWebKit/537.36 (KHTML, like Gecko) Chrome/46.0.2490.71 Safari/537.36"
192.168.11.1 - - [21/Oct/2015:06:09:45 +0900] "GET /wordpress/index.php/2015/10/ HTTP/1.1" 200 5390 "http://192.168.11.129/wordpress/index.php/2015/10/21/hello-world/" "Mozilla/5.0 (Windows NT 6.1; WOW64) AppleWebKit/537.36 (KHTML, like Gecko) Chrome/46.0.2490.71 Safari/537.36"
192.168.11.1 - - [21/Oct/2015:06:09:46 +0900] "GET /wordpress/index.php/category/uncategorized/ HTTP/1.1" 404 16785 "http://192.168.11.129/wordpress/index.php/2015/10/" "Mozilla/5.0 (Windows NT 6.1; WOW64) AppleWebKit/537.36 (KHTML, like Gecko) Chrome/46.0.2490.71 Safari/537.36"
192.168.11.1 - - [21/Oct/2015:06:09:47 +0900] "GET /wordpress/wp-admin/ HTTP/1.1" 200 13679 "http://192.168.11.129/wordpress/index.php/category/uncategorized/" "Mozilla/5.0 (Windows NT 6.1; WOW64) AppleWebKit/537.36 (KHTML, like Gecko) Chrome/46.0.2490.71 Safari/537.36"
192.168.11.1 - - [21/Oct/2015:06:09:49 +0900] "GET /wordpress/wp-admin/index.php HTTP/1.1" 200 13684 "http://192.168.11.129/wordpress/wp-admin/" "Mozilla/5.0 (Windows NT 6.1; WOW64) AppleWebKit/537.36 (KHTML, like Gecko) Chrome/46.0.2490.71 Safari/537.36"
192.168.11.1 - - [21/Oct/2015:06:09:50 +0900] "GET /wordpress/wp-admin/index.php HTTP/1.1" 200 13684 "http://192.168.11.129/wordpress/wp-admin/index.php" "Mozilla/5.0 (Windows NT 6.1; WOW64) AppleWebKit/537.36 (KHTML, like Gecko) Chrome/46.0.2490.71 Safari/537.36"
192.168.11.1 - - [21/Oct/2015:06:09:51 +0900] "GET /wordpress/wp-admin/edit.php?post_type=page HTTP/1.1" 200 10642 "http://192.168.11.129/wordpress/wp-admin/index.php" "Mozilla/5.0 (Windows NT 6.1; WOW64) AppleWebKit/537.36 (KHTML, like Gecko) Chrome/46.0.2490.71 Safari/537.36"
192.168.11.1 - - [21/Oct/2015:06:09:51 +0900] "POST /wordpress/wp-admin/admin-ajax.php HTTP/1.1" 200 545 "http://192.168.11.129/wordpress/wp-admin/edit.php?post_type=page" "Mozilla/5.0 (Windows NT 6.1; WOW64) AppleWebKit/537.36 (KHTML, like Gecko) Chrome/46.0.2490.71 Safari/537.36"
192.168.11.1 - - [21/Oct/2015:06:09:52 +0900] "GET /wordpress/wp-admin/edit.php HTTP/1.1" 200 11846 "http://192.168.11.129/wordpress/wp-admin/edit.php?post_type=page" "Mozilla/5.0 (Windows NT 6.1; WOW64) AppleWebKit/537.36 (KHTML, like Gecko) Chrome/46.0.2490.71 Safari/537.36"
192.168.11.1 - - [21/Oct/2015:06:09:52 +0900] "POST /wordpress/wp-admin/admin-ajax.php HTTP/1.1" 200 545 "http://192.168.11.129/wordpress/wp-admin/edit.php" "Mozilla/5.0 (Windows NT 6.1; WOW64) AppleWebKit/537.36 (KHTML, like Gecko) Chrome/46.0.2490.71 Safari/537.36"
192.168.11.1 - - [21/Oct/2015:06:09:52 +0900] "GET /wordpress/wp-admin/edit.php HTTP/1.1" 200 11846 "http://192.168.11.129/wordpress/wp-admin/edit.php" "Mozilla/5.0 (Windows NT 6.1; WOW64) AppleWebKit/537.36 (KHTML, like Gecko) Chrome/46.0.2490.71 Safari/537.36"
192.168.11.1 - - [21/Oct/2015:06:09:52 +0900] "POST /wordpress/wp-admin/admin-ajax.php HTTP/1.1" 200 545 "http://192.168.11.129/wordpress/wp-admin/edit.php" "Mozilla/5.0 (Windows NT 6.1; WOW64) AppleWebKit/537.36 (KHTML, like Gecko) Chrome/46.0.2490.71 Safari/537.36"
192.168.11.1 - - [21/Oct/2015:06:09:53 +0900] "GET /wordpress/wp-admin/plugins.php HTTP/1.1" 200 9900 "http://192.168.11.129/wordpress/wp-admin/edit.php" "Mozilla/5.0 (Windows NT 6.1; WOW64) AppleWebKit/537.36 (KHTML, like Gecko) Chrome/46.0.2490.71 Safari/537.36"
192.168.11.1 - - [21/Oct/2015:06:09:54 +0900] "GET /wordpress/wp-admin/edit.php HTTP/1.1" 200 11846 "http://192.168.11.129/wordpress/wp-admin/plugins.php" "Mozilla/5.0 (Windows NT 6.1; WOW64) AppleWebKit/537.36 (KHTML, like Gecko) Chrome/46.0.2490.71 Safari/537.36"
192.168.11.1 - - [21/Oct/2015:06:09:54 +0900] "POST /wordpress/wp-admin/admin-ajax.php HTTP/1.1" 200 545 "http://192.168.11.129/wordpress/wp-admin/edit.php" "Mozilla/5.0 (Windows NT 6.1; WOW64) AppleWebKit/537.36 (KHTML, like Gecko) Chrome/46.0.2490.71 Safari/537.36"
192.168.11.1 - - [21/Oct/2015:06:09:55 +0900] "GET /wordpress/ HTTP/1.1" 200 5340 "http://192.168.11.129/wordpress/wp-admin/edit.php" "Mozilla/5.0 (Windows NT 6.1; WOW64) AppleWebKit/537.36 (KHTML, like Gecko) Chrome/46.0.2490.71 Safari/537.36"
192.168.11.1 - - [21/Oct/2015:06:10:01 +0900] "GET /wordpress/wp-admin/post.php?post=1&action=edit HTTP/1.1" 200 33001 "http://192.168.11.129/wordpress/" "Mozilla/5.0 (Windows NT 6.1; WOW64) AppleWebKit/537.36 (KHTML, like Gecko) Chrome/46.0.2490.71 Safari/537.36"
192.168.11.1 - - [21/Oct/2015:06:10:01 +0900] "GET /wordpress/wp-includes/js/mediaelement/mediaelementplayer.min.css?ver=2.17.0 HTTP/1.1" 200 3456 "http://192.168.11.129/wordpress/wp-admin/post.php?post=1&action=edit" "Mozilla/5.0 (Windows NT 6.1; WOW64) AppleWebKit/537.36 (KHTML, like Gecko) Chrome/46.0.2490.71 Safari/537.36"
192.168.11.1 - - [21/Oct/2015:06:10:01 +0900] "GET /wordpress/wp-includes/js/mediaelement/wp-mediaelement.css?ver=4.3.1 HTTP/1.1" 200 1678 "http://192.168.11.129/wordpress/wp-admin/post.php?post=1&action=edit" "Mozilla/5.0 (Windows NT 6.1; WOW64) AppleWebKit/537.36 (KHTML, like Gecko) Chrome/46.0.2490.71 Safari/537.36"
192.168.11.1 - - [21/Oct/2015:06:10:01 +0900] "GET /wordpress/wp-includes/js/tinymce/plugins/compat3x/plugin.min.js?ver=4205-20150910 HTTP/1.1" 200 2039 "http://192.168.11.129/wordpress/wp-admin/post.php?post=1&action=edit" "Mozilla/5.0 (Windows NT 6.1; WOW64) AppleWebKit/537.36 (KHTML, like Gecko) Chrome/46.0.2490.71 Safari/537.36"
192.168.11.1 - - [21/Oct/2015:06:10:01 +0900] "GET /wordpress/wp-includes/js/imgareaselect/imgareaselect.css?ver=0.9.8 HTTP/1.1" 200 601 "http://192.168.11.129/wordpress/wp-admin/post.php?post=1&action=edit" "Mozilla/5.0 (Windows NT 6.1; WOW64) AppleWebKit/537.36 (KHTML, like Gecko) Chrome/46.0.2490.71 Safari/537.36"
192.168.11.1 - - [21/Oct/2015:06:10:01 +0900] "GET /wordpress/wp-includes/js/tinymce/tinymce.min.js?ver=4205-20150910 HTTP/1.1" 200 110474 "http://192.168.11.129/wordpress/wp-admin/post.php?post=1&action=edit" "Mozilla/5.0 (Windows NT 6.1; WOW64) AppleWebKit/537.36 (KHTML, like Gecko) Chrome/46.0.2490.71 Safari/537.36"
192.168.11.1 - - [21/Oct/2015:06:10:01 +0900] "GET /wordpress/wp-admin/load-scripts.php?c=0&load%5B%5D=jquery-core,jquery-migrate,utils,plupload&ver=4.3.1 HTTP/1.1" 200 71302 "http://192.168.11.129/wordpress/wp-admin/post.php?post=1&action=edit" "Mozilla/5.0 (Windows NT 6.1; WOW64) AppleWebKit/537.36 (KHTML, like Gecko) Chrome/46.0.2490.71 Safari/537.36"
192.168.11.1 - - [21/Oct/2015:06:10:01 +0900] "GET /wordpress/wp-admin/load-styles.php?c=0&dir=ltr&load=dashicons,admin-bar,buttons,media-views,wp-admin,wp-auth-check&ver=4.3.1 HTTP/1.1" 200 84100 "http://192.168.11.129/wordpress/wp-admin/post.php?post=1&action=edit" "Mozilla/5.0 (Windows NT 6.1; WOW64) AppleWebKit/537.36 (KHTML, like Gecko) Chrome/46.0.2490.71 Safari/537.36"
192.168.11.1 - - [21/Oct/2015:06:10:01 +0900] "GET /wordpress/wp-admin/load-scripts.php?c=0&load%5B%5D=hoverIntent,common,admin-bar,heartbeat,autosave,wp-ajax-response,jquery-color,wp-lists,quicktags,jquery-query,admin-comments,sug&load%5B%5D=gest,jquery-ui-core,jquery-ui-widget,jquery-ui-mouse,jquery-ui-sortable,postbox,tags-box,underscore,word-count,post,editor-expan&load%5B%5D=d,thickbox,shortcode,backbone,wp-util,wp-backbone,media-models,wp-plupload,mediaelement,wp-mediaelement,media-views,media-editor&load%5B%5D=,media-audiovideo,mce-view,imgareaselect,image-edit,svg-painter,wp-auth-check,editor,wplink,media-upload&ver=4.3.1 HTTP/1.1" 200 139741 "http://192.168.11.129/wordpress/wp-admin/post.php?post=1&action=edit" "Mozilla/5.0 (Windows NT 6.1; WOW64) AppleWebKit/537.36 (KHTML, like Gecko) Chrome/46.0.2490.71 Safari/537.36"
192.168.11.1 - - [21/Oct/2015:06:10:01 +0900] "GET /wordpress/wp-admin/images/resize.gif HTTP/1.1" 200 352 "http://192.168.11.129/wordpress/wp-admin/load-styles.php?c=0&dir=ltr&load=dashicons,admin-bar,buttons,media-views,wp-admin,wp-auth-check&ver=4.3.1" "Mozilla/5.0 (Windows NT 6.1; WOW64) AppleWebKit/537.36 (KHTML, like Gecko) Chrome/46.0.2490.71 Safari/537.36"
192.168.11.1 - - [21/Oct/2015:06:10:01 +0900] "GET /wordpress/wp-includes/js/tinymce/plugins/charmap/plugin.min.js?wp-mce-4205-20150910 HTTP/1.1" 200 3197 "http://192.168.11.129/wordpress/wp-admin/post.php?post=1&action=edit" "Mozilla/5.0 (Windows NT 6.1; WOW64) AppleWebKit/537.36 (KHTML, like Gecko) Chrome/46.0.2490.71 Safari/537.36"
192.168.11.1 - - [21/Oct/2015:06:10:01 +0900] "GET /wordpress/wp-includes/js/tinymce/plugins/colorpicker/plugin.min.js?wp-mce-4205-20150910 HTTP/1.1" 200 963 "http://192.168.11.129/wordpress/wp-admin/post.php?post=1&action=edit" "Mozilla/5.0 (Windows NT 6.1; WOW64) AppleWebKit/537.36 (KHTML, like Gecko) Chrome/46.0.2490.71 Safari/537.36"
192.168.11.1 - - [21/Oct/2015:06:10:01 +0900] "GET /wordpress/wp-includes/js/tinymce/plugins/hr/plugin.min.js?wp-mce-4205-20150910 HTTP/1.1" 200 540 "http://192.168.11.129/wordpress/wp-admin/post.php?post=1&action=edit" "Mozilla/5.0 (Windows NT 6.1; WOW64) AppleWebKit/537.36 (KHTML, like Gecko) Chrome/46.0.2490.71 Safari/537.36"
192.168.11.1 - - [21/Oct/2015:06:10:01 +0900] "GET /wordpress/wp-includes/js/tinymce/plugins/lists/plugin.min.js?wp-mce-4205-20150910 HTTP/1.1" 200 3116 "http://192.168.11.129/wordpress/wp-admin/post.php?post=1&action=edit" "Mozilla/5.0 (Windows NT 6.1; WOW64) AppleWebKit/537.36 (KHTML, like Gecko) Chrome/46.0.2490.71 Safari/537.36"
192.168.11.1 - - [21/Oct/2015:06:10:01 +0900] "GET /wordpress/wp-includes/js/tinymce/plugins/media/plugin.min.js?wp-mce-4205-20150910 HTTP/1.1" 200 4135 "http://192.168.11.129/wordpress/wp-admin/post.php?post=1&action=edit" "Mozilla/5.0 (Windows NT 6.1; WOW64) AppleWebKit/537.36 (KHTML, like Gecko) Chrome/46.0.2490.71 Safari/537.36"
192.168.11.1 - - [21/Oct/2015:06:10:01 +0900] "GET /wordpress/wp-includes/js/tinymce/themes/modern/theme.min.js?wp-mce-4205-20150910 HTTP/1.1" 200 3771 "http://192.168.11.129/wordpress/wp-admin/post.php?post=1&action=edit" "Mozilla/5.0 (Windows NT 6.1; WOW64) AppleWebKit/537.36 (KHTML, like Gecko) Chrome/46.0.2490.71 Safari/537.36"
192.168.11.1 - - [21/Oct/2015:06:10:01 +0900] "GET /wordpress/wp-includes/js/tinymce/plugins/fullscreen/plugin.min.js?wp-mce-4205-20150910 HTTP/1.1" 200 998 "http://192.168.11.129/wordpress/wp-admin/post.php?post=1&action=edit" "Mozilla/5.0 (Windows NT 6.1; WOW64) AppleWebKit/537.36 (KHTML, like Gecko) Chrome/46.0.2490.71 Safari/537.36"
192.168.11.1 - - [21/Oct/2015:06:10:01 +0900] "GET /wordpress/wp-includes/js/tinymce/plugins/textcolor/plugin.min.js?wp-mce-4205-20150910 HTTP/1.1" 200 2019 "http://192.168.11.129/wordpress/wp-admin/post.php?post=1&action=edit" "Mozilla/5.0 (Windows NT 6.1; WOW64) AppleWebKit/537.36 (KHTML, like Gecko) Chrome/46.0.2490.71 Safari/537.36"
192.168.11.1 - - [21/Oct/2015:06:10:01 +0900] "GET /wordpress/wp-includes/js/tinymce/plugins/wordpress/plugin.min.js?wp-mce-4205-20150910 HTTP/1.1" 200 5391 "http://192.168.11.129/wordpress/wp-admin/post.php?post=1&action=edit" "Mozilla/5.0 (Windows NT 6.1; WOW64) AppleWebKit/537.36 (KHTML, like Gecko) Chrome/46.0.2490.71 Safari/537.36"
192.168.11.1 - - [21/Oct/2015:06:10:01 +0900] "GET /wordpress/wp-includes/js/tinymce/plugins/tabfocus/plugin.min.js?wp-mce-4205-20150910 HTTP/1.1" 200 1050 "http://192.168.11.129/wordpress/wp-admin/post.php?post=1&action=edit" "Mozilla/5.0 (Windows NT 6.1; WOW64) AppleWebKit/537.36 (KHTML, like Gecko) Chrome/46.0.2490.71 Safari/537.36"
192.168.11.1 - - [21/Oct/2015:06:10:01 +0900] "GET /wordpress/wp-includes/js/tinymce/plugins/paste/plugin.min.js?wp-mce-4205-20150910 HTTP/1.1" 200 6668 "http://192.168.11.129/wordpress/wp-admin/post.php?post=1&action=edit" "Mozilla/5.0 (Windows NT 6.1; WOW64) AppleWebKit/537.36 (KHTML, like Gecko) Chrome/46.0.2490.71 Safari/537.36"
192.168.11.1 - - [21/Oct/2015:06:10:01 +0900] "GET /wordpress/wp-includes/js/tinymce/plugins/wpautoresize/plugin.min.js?wp-mce-4205-20150910 HTTP/1.1" 200 1281 "http://192.168.11.129/wordpress/wp-admin/post.php?post=1&action=edit" "Mozilla/5.0 (Windows NT 6.1; WOW64) AppleWebKit/537.36 (KHTML, like Gecko) Chrome/46.0.2490.71 Safari/537.36"
192.168.11.1 - - [21/Oct/2015:06:10:01 +0900] "GET /wordpress/wp-includes/js/tinymce/plugins/wpeditimage/plugin.min.js?wp-mce-4205-20150910 HTTP/1.1" 200 4997 "http://192.168.11.129/wordpress/wp-admin/post.php?post=1&action=edit" "Mozilla/5.0 (Windows NT 6.1; WOW64) AppleWebKit/537.36 (KHTML, like Gecko) Chrome/46.0.2490.71 Safari/537.36"
192.168.11.1 - - [21/Oct/2015:06:10:01 +0900] "GET /wordpress/wp-includes/js/tinymce/plugins/wpemoji/plugin.min.js?wp-mce-4205-20150910 HTTP/1.1" 200 1079 "http://192.168.11.129/wordpress/wp-admin/post.php?post=1&action=edit" "Mozilla/5.0 (Windows NT 6.1; WOW64) AppleWebKit/537.36 (KHTML, like Gecko) Chrome/46.0.2490.71 Safari/537.36"
192.168.11.1 - - [21/Oct/2015:06:10:01 +0900] "GET /wordpress/wp-includes/js/tinymce/plugins/wplink/plugin.min.js?wp-mce-4205-20150910 HTTP/1.1" 200 1343 "http://192.168.11.129/wordpress/wp-admin/post.php?post=1&action=edit" "Mozilla/5.0 (Windows NT 6.1; WOW64) AppleWebKit/537.36 (KHTML, like Gecko) Chrome/46.0.2490.71 Safari/537.36"
192.168.11.1 - - [21/Oct/2015:06:10:01 +0900] "GET /wordpress/wp-includes/js/tinymce/plugins/wpgallery/plugin.min.js?wp-mce-4205-20150910 HTTP/1.1" 200 1107 "http://192.168.11.129/wordpress/wp-admin/post.php?post=1&action=edit" "Mozilla/5.0 (Windows NT 6.1; WOW64) AppleWebKit/537.36 (KHTML, like Gecko) Chrome/46.0.2490.71 Safari/537.36"
192.168.11.1 - - [21/Oct/2015:06:10:01 +0900] "GET /wordpress/wp-includes/js/tinymce/plugins/wptextpattern/plugin.min.js?wp-mce-4205-20150910 HTTP/1.1" 200 1243 "http://192.168.11.129/wordpress/wp-admin/post.php?post=1&action=edit" "Mozilla/5.0 (Windows NT 6.1; WOW64) AppleWebKit/537.36 (KHTML, like Gecko) Chrome/46.0.2490.71 Safari/537.36"
192.168.11.1 - - [21/Oct/2015:06:10:01 +0900] "GET /wordpress/wp-includes/js/tinymce/plugins/wpdialogs/plugin.min.js?wp-mce-4205-20150910 HTTP/1.1" 200 998 "http://192.168.11.129/wordpress/wp-admin/post.php?post=1&action=edit" "Mozilla/5.0 (Windows NT 6.1; WOW64) AppleWebKit/537.36 (KHTML, like Gecko) Chrome/46.0.2490.71 Safari/537.36"
192.168.11.1 - - [21/Oct/2015:06:10:01 +0900] "GET /wordpress/wp-includes/js/tinymce/plugins/wpview/plugin.min.js?wp-mce-4205-20150910 HTTP/1.1" 200 3447 "http://192.168.11.129/wordpress/wp-admin/post.php?post=1&action=edit" "Mozilla/5.0 (Windows NT 6.1; WOW64) AppleWebKit/537.36 (KHTML, like Gecko) Chrome/46.0.2490.71 Safari/537.36"
192.168.11.1 - - [21/Oct/2015:06:10:01 +0900] "GET /wordpress/wp-includes/js/tinymce/skins/lightgray/skin.min.css?wp-mce-4205-20150910 HTTP/1.1" 200 6054 "http://192.168.11.129/wordpress/wp-admin/post.php?post=1&action=edit" "Mozilla/5.0 (Windows NT 6.1; WOW64) AppleWebKit/537.36 (KHTML, like Gecko) Chrome/46.0.2490.71 Safari/537.36"
192.168.11.1 - - [21/Oct/2015:06:10:01 +0900] "GET /wordpress/wp-content/themes/twentyfifteen/genericons/genericons.css?wp-mce-4205-20150910 HTTP/1.1" 200 16918 "http://192.168.11.129/wordpress/wp-admin/post.php?post=1&action=edit" "Mozilla/5.0 (Windows NT 6.1; WOW64) AppleWebKit/537.36 (KHTML, like Gecko) Chrome/46.0.2490.71 Safari/537.36"
192.168.11.1 - - [21/Oct/2015:06:10:01 +0900] "GET /wordpress/wp-includes/js/tinymce/skins/wordpress/wp-content.css?ver=4.3.1&wp-mce-4205-20150910 HTTP/1.1" 200 3073 "http://192.168.11.129/wordpress/wp-admin/post.php?post=1&action=edit" "Mozilla/5.0 (Windows NT 6.1; WOW64) AppleWebKit/537.36 (KHTML, like Gecko) Chrome/46.0.2490.71 Safari/537.36"
192.168.11.1 - - [21/Oct/2015:06:10:01 +0900] "GET /wordpress/wp-includes/css/dashicons.min.css?ver=4.3.1&wp-mce-4205-20150910 HTTP/1.1" 200 28893 "http://192.168.11.129/wordpress/wp-admin/post.php?post=1&action=edit" "Mozilla/5.0 (Windows NT 6.1; WOW64) AppleWebKit/537.36 (KHTML, like Gecko) Chrome/46.0.2490.71 Safari/537.36"
192.168.11.1 - - [21/Oct/2015:06:10:01 +0900] "GET /wordpress/wp-includes/js/tinymce/skins/lightgray/content.min.css?wp-mce-4205-20150910 HTTP/1.1" 200 1123 "http://192.168.11.129/wordpress/wp-admin/post.php?post=1&action=edit" "Mozilla/5.0 (Windows NT 6.1; WOW64) AppleWebKit/537.36 (KHTML, like Gecko) Chrome/46.0.2490.71 Safari/537.36"
192.168.11.1 - - [21/Oct/2015:06:10:01 +0900] "GET /wordpress/wp-content/themes/twentyfifteen/css/editor-style.css?wp-mce-4205-20150910 HTTP/1.1" 200 2022 "http://192.168.11.129/wordpress/wp-admin/post.php?post=1&action=edit" "Mozilla/5.0 (Windows NT 6.1; WOW64) AppleWebKit/537.36 (KHTML, like Gecko) Chrome/46.0.2490.71 Safari/537.36"
::1 - - [21/Oct/2015:06:10:09 +0900] "OPTIONS * HTTP/1.0" 200 126 "-" "Apache/2.4.10 (Ubuntu) (internal dummy connection)"
192.168.11.1 - - [21/Oct/2015:06:10:27 +0900] "POST /wordpress/wp-admin/post.php HTTP/1.1" 302 526 "http://192.168.11.129/wordpress/wp-admin/post.php?post=1&action=edit" "Mozilla/5.0 (Windows NT 6.1; WOW64) AppleWebKit/537.36 (KHTML, like Gecko) Chrome/46.0.2490.71 Safari/537.36"
192.168.11.129 - - [21/Oct/2015:06:10:27 +0900] "POST /wordpress/wp-cron.php?doing_wp_cron=1445375427.4761979579925537109375 HTTP/1.0" 200 166 "-" "WordPress/4.3.1; http://192.168.11.129/wordpress"
192.168.11.1 - - [21/Oct/2015:06:10:27 +0900] "GET /wordpress/wp-admin/post.php?post=1&action=edit&message=1 HTTP/1.1" 200 33090 "http://192.168.11.129/wordpress/wp-admin/post.php?post=1&action=edit" "Mozilla/5.0 (Windows NT 6.1; WOW64) AppleWebKit/537.36 (KHTML, like Gecko) Chrome/46.0.2490.71 Safari/537.36"
192.168.11.1 - - [21/Oct/2015:06:10:27 +0900] "GET /wordpress/wp-admin/admin-ajax.php?action=oembed-cache&post=1 HTTP/1.1" 200 399 "http://192.168.11.129/wordpress/wp-admin/post.php?post=1&action=edit" "Mozilla/5.0 (Windows NT 6.1; WOW64) AppleWebKit/537.36 (KHTML, like Gecko) Chrome/46.0.2490.71 Safari/537.36"
192.168.11.1 - - [21/Oct/2015:06:10:30 +0900] "GET /wordpress/ HTTP/1.1" 200 5265 "http://192.168.11.129/wordpress/wp-admin/post.php?post=1&action=edit" "Mozilla/5.0 (Windows NT 6.1; WOW64) AppleWebKit/537.36 (KHTML, like Gecko) Chrome/46.0.2490.71 Safari/537.36"
192.168.11.1 - - [21/Oct/2015:06:10:30 +0900] "POST /wordpress/wp-admin/admin-ajax.php HTTP/1.1" 200 491 "http://192.168.11.129/wordpress/wp-admin/post.php?post=1&action=edit" "Mozilla/5.0 (Windows NT 6.1; WOW64) AppleWebKit/537.36 (KHTML, like Gecko) Chrome/46.0.2490.71 Safari/537.36"
192.168.11.1 - - [21/Oct/2015:06:25:06 +0900] "GET /wordpress/ HTTP/1.1" 200 5266 "http://192.168.11.129/wordpress/wp-admin/post.php?post=1&action=edit" "Mozilla/5.0 (Windows NT 6.1; WOW64) AppleWebKit/537.36 (KHTML, like Gecko) Chrome/46.0.2490.71 Safari/537.36"
192.168.11.1 - - [21/Oct/2015:06:25:06 +0900] "GET /wordpress/wp-content/themes/twentyfifteen/style.css?ver=4.3.1 HTTP/1.1" 200 14328 "http://192.168.11.129/wordpress/" "Mozilla/5.0 (Windows NT 6.1; WOW64) AppleWebKit/537.36 (KHTML, like Gecko) Chrome/46.0.2490.71 Safari/537.36"
192.168.11.1 - - [21/Oct/2015:06:25:06 +0900] "GET /wordpress/wp-includes/js/jquery/jquery-migrate.min.js?ver=1.2.1 HTTP/1.1" 200 3420 "http://192.168.11.129/wordpress/" "Mozilla/5.0 (Windows NT 6.1; WOW64) AppleWebKit/537.36 (KHTML, like Gecko) Chrome/46.0.2490.71 Safari/537.36"
192.168.11.1 - - [21/Oct/2015:06:25:06 +0900] "GET /wordpress/wp-content/themes/twentyfifteen/genericons/genericons.css?ver=3.2 HTTP/1.1" 200 16919 "http://192.168.11.129/wordpress/" "Mozilla/5.0 (Windows NT 6.1; WOW64) AppleWebKit/537.36 (KHTML, like Gecko) Chrome/46.0.2490.71 Safari/537.36"
192.168.11.1 - - [21/Oct/2015:06:25:06 +0900] "GET /wordpress/wp-content/themes/twentyfifteen/js/skip-link-focus-fix.js?ver=20141010 HTTP/1.1" 200 794 "http://192.168.11.129/wordpress/" "Mozilla/5.0 (Windows NT 6.1; WOW64) AppleWebKit/537.36 (KHTML, like Gecko) Chrome/46.0.2490.71 Safari/537.36"
192.168.11.1 - - [21/Oct/2015:06:25:06 +0900] "GET /wordpress/wp-includes/css/admin-bar.min.css?ver=4.3.1 HTTP/1.1" 200 4113 "http://192.168.11.129/wordpress/" "Mozilla/5.0 (Windows NT 6.1; WOW64) AppleWebKit/537.36 (KHTML, like Gecko) Chrome/46.0.2490.71 Safari/537.36"
192.168.11.1 - - [21/Oct/2015:06:25:06 +0900] "GET /wordpress/wp-content/themes/twentyfifteen/js/functions.js?ver=20150330 HTTP/1.1" 200 2207 "http://192.168.11.129/wordpress/" "Mozilla/5.0 (Windows NT 6.1; WOW64) AppleWebKit/537.36 (KHTML, like Gecko) Chrome/46.0.2490.71 Safari/537.36"
192.168.11.1 - - [21/Oct/2015:06:25:06 +0900] "GET /wordpress/wp-includes/js/admin-bar.min.js?ver=4.3.1 HTTP/1.1" 200 2829 "http://192.168.11.129/wordpress/" "Mozilla/5.0 (Windows NT 6.1; WOW64) AppleWebKit/537.36 (KHTML, like Gecko) Chrome/46.0.2490.71 Safari/537.36"
192.168.11.1 - - [21/Oct/2015:06:25:06 +0900] "GET /wordpress/wp-includes/js/jquery/jquery.js?ver=1.11.3 HTTP/1.1" 200 33639 "http://192.168.11.129/wordpress/" "Mozilla/5.0 (Windows NT 6.1; WOW64) AppleWebKit/537.36 (KHTML, like Gecko) Chrome/46.0.2490.71 Safari/537.36"
192.168.11.1 - - [21/Oct/2015:06:25:06 +0900] "GET /wordpress/wp-includes/css/dashicons.min.css?ver=4.3.1 HTTP/1.1" 200 28893 "http://192.168.11.129/wordpress/" "Mozilla/5.0 (Windows NT 6.1; WOW64) AppleWebKit/537.36 (KHTML, like Gecko) Chrome/46.0.2490.71 Safari/537.36"
192.168.11.1 - - [21/Oct/2015:06:25:07 +0900] "GET /wordpress/wp-includes/js/wp-emoji-release.min.js?ver=4.3.1 HTTP/1.1" 200 5249 "http://192.168.11.129/wordpress/" "Mozilla/5.0 (Windows NT 6.1; WOW64) AppleWebKit/537.36 (KHTML, like Gecko) Chrome/46.0.2490.71 Safari/537.36"
::1 - - [21/Oct/2015:06:25:25 +0900] "OPTIONS * HTTP/1.0" 200 126 "-" "Apache/2.4.10 (Ubuntu) (internal dummy connection)"
192.168.11.1 - - [22/Oct/2015:00:16:57 +0900] "GET / HTTP/1.1" 200 3525 "-" "Mozilla/5.0 (Windows NT 6.1; WOW64) AppleWebKit/537.36 (KHTML, like Gecko) Chrome/46.0.2490.71 Safari/537.36"
192.168.11.1 - - [22/Oct/2015:00:16:57 +0900] "GET /icons/ubuntu-logo.png HTTP/1.1" 200 3689 "http://192.168.11.129/" "Mozilla/5.0 (Windows NT 6.1; WOW64) AppleWebKit/537.36 (KHTML, like Gecko) Chrome/46.0.2490.71 Safari/537.36"
192.168.11.1 - - [22/Oct/2015:00:16:57 +0900] "GET /favicon.ico HTTP/1.1" 404 505 "http://192.168.11.129/" "Mozilla/5.0 (Windows NT 6.1; WOW64) AppleWebKit/537.36 (KHTML, like Gecko) Chrome/46.0.2490.71 Safari/537.36"
192.168.11.1 - - [22/Oct/2015:00:17:02 +0900] "GET /wordpress/ HTTP/1.1" 200 3573 "-" "Mozilla/5.0 (Windows NT 6.1; WOW64) AppleWebKit/537.36 (KHTML, like Gecko) Chrome/46.0.2490.71 Safari/537.36"
192.168.11.129 - - [22/Oct/2015:00:17:03 +0900] "POST /wordpress/wp-cron.php?doing_wp_cron=1445440623.4370920658111572265625 HTTP/1.0" 200 166 "-" "WordPress/4.3.1; http://192.168.11.129/wordpress"
192.168.11.1 - - [22/Oct/2015:00:21:59 +0900] "GET /wordpress/wp-login.php HTTP/1.1" 200 1610 "http://192.168.11.129/wordpress/" "Mozilla/5.0 (Windows NT 6.1; WOW64) AppleWebKit/537.36 (KHTML, like Gecko) Chrome/46.0.2490.71 Safari/537.36"
192.168.11.1 - - [22/Oct/2015:00:22:00 +0900] "GET /wordpress/wp-admin/css/login.min.css?ver=4.3.1 HTTP/1.1" 200 6110 "http://192.168.11.129/wordpress/wp-login.php" "Mozilla/5.0 (Windows NT 6.1; WOW64) AppleWebKit/537.36 (KHTML, like Gecko) Chrome/46.0.2490.71 Safari/537.36"
192.168.11.1 - - [22/Oct/2015:00:22:00 +0900] "GET /wordpress/wp-admin/images/wordpress-logo.svg?ver=20131107 HTTP/1.1" 200 1810 "http://192.168.11.129/wordpress/wp-admin/css/login.min.css?ver=4.3.1" "Mozilla/5.0 (Windows NT 6.1; WOW64) AppleWebKit/537.36 (KHTML, like Gecko) Chrome/46.0.2490.71 Safari/537.36"
192.168.11.1 - - [22/Oct/2015:00:22:25 +0900] "POST /wordpress/wp-login.php HTTP/1.1" 200 2032 "http://192.168.11.129/wordpress/wp-login.php" "Mozilla/5.0 (Windows NT 6.1; WOW64) AppleWebKit/537.36 (KHTML, like Gecko) Chrome/46.0.2490.71 Safari/537.36"
192.168.11.1 - - [22/Oct/2015:00:22:28 +0900] "POST /wordpress/wp-login.php HTTP/1.1" 302 1151 "http://192.168.11.129/wordpress/wp-login.php" "Mozilla/5.0 (Windows NT 6.1; WOW64) AppleWebKit/537.36 (KHTML, like Gecko) Chrome/46.0.2490.71 Safari/537.36"
192.168.11.1 - - [22/Oct/2015:00:22:28 +0900] "GET /wordpress/wp-admin/ HTTP/1.1" 200 13285 "http://192.168.11.129/wordpress/wp-login.php" "Mozilla/5.0 (Windows NT 6.1; WOW64) AppleWebKit/537.36 (KHTML, like Gecko) Chrome/46.0.2490.71 Safari/537.36"
192.168.11.1 - - [22/Oct/2015:00:22:29 +0900] "GET /wordpress/wp-includes/js/thickbox/loadingAnimation.gif HTTP/1.1" 200 15525 "http://192.168.11.129/wordpress/wp-admin/" "Mozilla/5.0 (Windows NT 6.1; WOW64) AppleWebKit/537.36 (KHTML, like Gecko) Chrome/46.0.2490.71 Safari/537.36"
192.168.11.1 - - [22/Oct/2015:00:22:29 +0900] "GET /wordpress/wp-admin/admin-ajax.php?action=dashboard-widgets&widget=dashboard_primary&pagenow=dashboard HTTP/1.1" 200 1096 "http://192.168.11.129/wordpress/wp-admin/" "Mozilla/5.0 (Windows NT 6.1; WOW64) AppleWebKit/537.36 (KHTML, like Gecko) Chrome/46.0.2490.71 Safari/537.36"
192.168.11.1 - - [22/Oct/2015:00:22:41 +0900] "GET /wordpress/wp-admin/post-new.php HTTP/1.1" 200 32052 "http://192.168.11.129/wordpress/wp-admin/" "Mozilla/5.0 (Windows NT 6.1; WOW64) AppleWebKit/537.36 (KHTML, like Gecko) Chrome/46.0.2490.71 Safari/537.36"
192.168.11.1 - - [22/Oct/2015:00:22:42 +0900] "GET /wordpress/wp-admin/images/resize.gif HTTP/1.1" 200 353 "http://192.168.11.129/wordpress/wp-admin/load-styles.php?c=0&dir=ltr&load=dashicons,admin-bar,buttons,media-views,wp-admin,wp-auth-check&ver=4.3.1" "Mozilla/5.0 (Windows NT 6.1; WOW64) AppleWebKit/537.36 (KHTML, like Gecko) Chrome/46.0.2490.71 Safari/537.36"
192.168.11.1 - - [22/Oct/2015:00:22:42 +0900] "GET /wordpress/wp-admin/images/spinner.gif HTTP/1.1" 200 4449 "http://192.168.11.129/wordpress/wp-admin/load-styles.php?c=0&dir=ltr&load=dashicons,admin-bar,buttons,media-views,wp-admin,wp-auth-check&ver=4.3.1" "Mozilla/5.0 (Windows NT 6.1; WOW64) AppleWebKit/537.36 (KHTML, like Gecko) Chrome/46.0.2490.71 Safari/537.36"
